---
source: tui-agent/tests/mission_control_snapshots.rs
expression: buffer_color_map(&buffer)
---
YYYYYYYYYYYYYYYYYYYYYYYYYYYY..ggggggggggggggggggg.......................................................................
dddddddddddddddddddddddddddddddddddddddddddddddddddddddddddddddddddddddddddddddddddddddddddddddddddddddddddddddddddddddd
gggggggggggggggggggggggggggggggggggggggggggggggggggggggggggggggggggggggggggggggggggggggggggggggggggggggggggggggggggggggg
gggggggggggggggggggggggggggggggggggggggggggggggggggggggggggYYYYYYYYYYYgggggggggggggggggggggggggggggggggggggggggggggggggg
gggggggggggggggggggggggggggggggggggggggggggggggggggggggggggggggggggggggggggggggggggggggggggggggggggggggggggggggggggggggg
GGGGGGGGGGGGGGGGGGGGGGGGGGGGGGGGGGGGGGGGCCCCCCCCCCCCCCCCCCCCCCCCCCCCCCCCCCCCCCCCMMMMMMMMMMMMMMMMMMMMMMMMMMMMMMMMMMMMMMMM
G......................................GC......................................CM......................................M
G......................................GC......................................CM......................................M
G......................................GC......................................CM......................................M
GGGGGGGGGGGGGGGGGGGGGGGGGGGGGGGGGGGGGGGGCCCCCCCCCCCCCCCCCCCCCCCCCCCCCCCCCCCCCCCCMMMMMMMMMMMMMMMMMMMMMMMMMMMMMMMMMMMMMMMM
GGGGGGGGGGGGGGGGGGGGGGGGGGGGGGGGGGGGGGGGGGGGGGGGGGGGGGGGGGGGCCCCCCCCCCCCCCCCCCCCCCCCCCCCCCCCCCCCCCCCCCCCCCCCCCCCCCCCCCCC
Gdddddddddddddddddd........................................GCdddddddddddddddddddddddd..................................C
G..........................................................GC..........................................................C
G..........................................................GC..........................................................C
G..........................................................GC..........................................................C
G..........................................................GC..........................................................C
GGGGGGGGGGGGGGGGGGGGGGGGGGGGGGGGGGGGGGGGGGGGGGGGGGGGGGGGGGGGCCCCCCCCCCCCCCCCCCCCCCCCCCCCCCCCCCCCCCCCCCCCCCCCCCCCCCCCCCCC
YYYYYYYYYYYYYYYYYYYYYYYYYYYYYYYYYYYYYYYYYYYYYYYYYYYYYYYYYYYYYYYYYYBBBBBBBBBBBBBBBBBBBBBBBBBBBBBBBBBBBBBBBBBBBBBBBBBBBBBB
Yddddddddddddddddddddddddddd.....................................YBdddddddddddddddddddddddddddddd......................B
Y................................................................YB....................................................B
Y................................................................YB....................................................B
Y................................................................YB....................................................B
Y................................................................YB....................................................B
YYYYYYYYYYYYYYYYYYYYYYYYYYYYYYYYYYYYYYYYYYYYYYYYYYYYYYYYYYYYYYYYYYBBBBBBBBBBBBBBBBBBBBBBBBBBBBBBBBBBBBBBBBBBBBBBBBBBBBBB
MMMMMMMMMMMMMMMMMMMMMMMMMMMMMMMMMMMMMMMMMRRRRRRRRRRRRRRRRRRRRRRRRRRRRRRRRRRRRRRRWWWWWWWWWWWWWWWWWWWWWWWWWWWWWWWWWWWWWWWW
MRR..................dddddddddddddddddddMRddddddddddddddddddddd................RWdddddddddddddddd......................W
MYY..................dddddddddddddddddddMR.....................................RW......................................W
Mgg..................dddddddddddddddddddMR.....................................RW......................................W
MGG..................dddddddddddddddddddMR.....................................RW......................................W
M.......................................MR.....................................RW......................................W
MMMMMMMMMMMMMMMMMMMMMMMMMMMMMMMMMMMMMMMMMRRRRRRRRRRRRRRRRRRRRRRRRRRRRRRRRRRRRRRRWWWWWWWWWWWWWWWWWWWWWWWWWWWWWWWWWWWWWWWW
........................................................................................................................
.ddddddddddddddd........................................................................................................
.ddddddddddddddd........................................................................................................
.YYYYYYYYYYYYYYYYYYYYYYYYYYYYYYYYYYYYYYYYYYYYYYYYYYYYYYYYYY.............................................................
........................................................................................................................
........................................................................................................................
CCCCCCCCCCCCCCCCCCCCCCCCCCCCCCCCCCCCCCCCCCCCCCCCCCCCCCCCCCCCCCCCCCCCCCCCCCCCCCCCCCCCCCCCCCCCCCCCCCCCCCCCCCCCCCCCCCCCCCCC
dddddddddddddddddddddddddddddddddddddddddddddddddddddddddddddddddddddddddddddddddddddddddddddddddddddddddddddddddddddddd
gggggggggggggggggggggggggggggggggggggggggggggggggggggggggggggggggggggggggggggggggggggggggggggggggggggggggggggggggggggggg
