---
source: tui-agent/tests/mission_control_snapshots.rs
expression: buffer_text(&buffer)
---
Vibecrafted Operator Console  no live runs loaded
workspace: repo  |  active 0  stalled 0  |  scope: live  |  Mission Control
┌Surface───────────────────────────────────────────────────────────────────────────────────────────────────────────────┐
│ Monitor live 0 │ Dispatch workflow/claude │ Controls 4 │ Mission 2|4                                                 │
└──────────────────────────────────────────────────────────────────────────────────────────────────────────────────────┘
┌Active dispatches─────────────────────┐┌History (30d)─────────────────────────┐┌Mission posture───────────────────────┐
│2 running                             ││128 meta.json scanned                 ││model parity 40/128                   │
│4 stalled queue items                 ││3 agents · 3 skills                   ││duration parity 2/128                 │
│                                      ││                                      ││                                      │
└──────────────────────────────────────┘└──────────────────────────────────────┘└──────────────────────────────────────┘
┌ Active dispatches (2) ───────────────────────────────────┐┌ Wave atlas (5) ──────────────────────────────────────────┐
│▶ just-091500-11111 claude / implement                    ││✓ intents-zero-W1        4/4  ✓4 ✗0 ⏳ 0                   │
│  root vibecrafted · age 12m ago · 3m since heartbeat ·   ││⏳  intents-zero-W2        2/3  ✓2 ✗1 ⏳ 0                  │
│wave W3-C                                                 ││⏳  intents-zero-W3        0/2  ✓0 ✗0 ⏳ 2                  │
│▶ marb-090000-22222 codex / marbles                       ││! legacy-recovery        0/1  ✓0 ✗1 ⏳ 0                   │
│  root example-app · age 2m ago · fresh                   ││· parked-wave            0/1  ✓0 ✗0 ⏳ 0                   │
└──────────────────────────────────────────────────────────┘└──────────────────────────────────────────────────────────┘
┌ Per-agent stats (30d, 3 agents) ───────────────────────────────┐┌ Per-skill stats (3) ───────────────────────────────┐
│agent      runs    ✓    ✗   ✓%    ⌀dur model%                   ││skill         inv   ✓    ✗   ⌀dur                   │
│claude      42   39    3  93%   14.0m    95%                    ││implement      18   17    1  10.7m                  │
│codex       28   25    3  89%   11.0m    50%                    ││marbles         9    8    1    45s                  │
│gemini       9    7    2  78%     —       0%                    ││partner         1    1    0    —   ⚠                │
│                                                                ││                                                    │
└────────────────────────────────────────────────────────────────┘└────────────────────────────────────────────────────┘
┌ Fleet health (5) ─────────────────────┐┌ Failure board 24h (2) ──────────────┐┌ Operator action queue (4) ───────────┐
│! model parity      40/128 missing mod…││✗ rsrc-083000-77777 gemini / research││!! [fail] investigate rsrc-083000-777…│
│? duration parity   0/0 missing durati…││  exit_code 2 · 3h ago               ││! [stall] resume lost-070000-55555 (c…│
│✓ control-plane     /fixture/state (3 …││✗ lost-070000-55555 codex / workflow ││! [polarize] polarize polr-42 (pass /…│
│✓ artifact-root     /fixture/artifacts ││  stalled heartbeat · 5h ago         ││- [report] open report just-091500-11…│
│✓ meta scan         128 meta.json scan…││                                     ││                                      │
└───────────────────────────────────────┘└─────────────────────────────────────┘└──────────────────────────────────────┘
┌ Mission Control receipt ─────────────────────────────────────────────────────────────────────────────────────────────┐
│artifact root: /fixture/artifacts                                                                                     │
│generated at:  2026-06-10T12:00:00+00:00                                                                              │
│1 meta.json parse failures skipped                                                                                    │
│                                                                                                                      │
└──────────────────────────────────────────────────────────────────────────────────────────────────────────────────────┘
Mission Control: click a panel  wheel that pane  ↑/↓ focus  r refresh
Global: q quit  r refresh  a cycle agent  v cycle runtime  y copy  Ctrl+L clear search  ? help
state root: /fixture/state
