---
source: tui-agent/tests/mission_control_snapshots.rs
expression: buffer_color_map(&buffer)
---
YYYYYYYYYYYYYYYYYYYYYYYYYYYY..ggggggggggggggggggg.......................................................................
dddddddddddddddddddddddddddddddddddddddddddddddddddddddddddddddddddddddddddddddddddddddddddddddddddddddddddddddddddddddd
gggggggggggggggggggggggggggggggggggggggggggggggggggggggggggggggggggggggggggggggggggggggggggggggggggggggggggggggggggggggg
ggggggggggggggggggggggggggggggggggggggggggggggggggggggggggggYYYYYYYYYYYggggggggggggggggggggggggggggggggggggggggggggggggg
gggggggggggggggggggggggggggggggggggggggggggggggggggggggggggggggggggggggggggggggggggggggggggggggggggggggggggggggggggggggg
GGGGGGGGGGGGGGGGGGGGGGGGGGGGGGGGGGGGGGGGCCCCCCCCCCCCCCCCCCCCCCCCCCCCCCCCCCCCCCCCMMMMMMMMMMMMMMMMMMMMMMMMMMMMMMMMMMMMMMMM
GWWWWWWWWWWWWWWWWWWWWWWWWWWWWWWWWWWWWWWGCWWWWWWWWWWWWWWWWWWWWWWWWWWWWWWWWWWWWWWCMWWWWWWWWWWWWWWWWWWWWWWWWWWWWWWWWWWWWWWM
GWWWWWWWWWWWWWWWWWWWWWWWWWWWWWWWWWWWWWWGCWWWWWWWWWWWWWWWWWWWWWWWWWWWWWWWWWWWWWWCMWWWWWWWWWWWWWWWWWWWWWWWWWWWWWWWWWWWWWWM
GWWWWWWWWWWWWWWWWWWWWWWWWWWWWWWWWWWWWWWGCWWWWWWWWWWWWWWWWWWWWWWWWWWWWWWWWWWWWWWCMWWWWWWWWWWWWWWWWWWWWWWWWWWWWWWWWWWWWWWM
GGGGGGGGGGGGGGGGGGGGGGGGGGGGGGGGGGGGGGGGCCCCCCCCCCCCCCCCCCCCCCCCCCCCCCCCCCCCCCCCMMMMMMMMMMMMMMMMMMMMMMMMMMMMMMMMMMMMMMMM
GGGGGGGGGGGGGGGGGGGGGGGGGGGGGGGGGGGGGGGGGGGGGGGGGGGGGGGGGGGGCCCCCCCCCCCCCCCCCCCCCCCCCCCCCCCCCCCCCCCCCCCCCCCCCCCCCCCCCCCC
GYYYYYYYYYYYYYYYYYYYY......................................GCGG........................................................C
G..........................................................GCY.Y.......................................................C
G..........................................................GCY.Y.......................................................C
GYYYYYYYYYYYYYYYYYYYY......................................GCRR........................................................C
G..........................................................GCdd........................................................C
GGGGGGGGGGGGGGGGGGGGGGGGGGGGGGGGGGGGGGGGGGGGGGGGGGGGGGGGGGGGCCCCCCCCCCCCCCCCCCCCCCCCCCCCCCCCCCCCCCCCCCCCCCCCCCCCCCCCCCCC
YYYYYYYYYYYYYYYYYYYYYYYYYYYYYYYYYYYYYYYYYYYYYYYYYYYYYYYYYYYYYYYYYYBBBBBBBBBBBBBBBBBBBBBBBBBBBBBBBBBBBBBBBBBBBBBBBBBBBBBB
Ydddddddddddddddddddddddddddddddddddddddddd......................YBddddddddddddddddddddddddddddddddd...................B
Y................................................................YB....................................................B
Y................................................................YB....................................................B
Y................................................................YB....................................................B
Y................................................................YB....................................................B
YYYYYYYYYYYYYYYYYYYYYYYYYYYYYYYYYYYYYYYYYYYYYYYYYYYYYYYYYYYYYYYYYYBBBBBBBBBBBBBBBBBBBBBBBBBBBBBBBBBBBBBBBBBBBBBBBBBBBBBB
MMMMMMMMMMMMMMMMMMMMMMMMMMMMMMMMMMMMMMMMMRRRRRRRRRRRRRRRRRRRRRRRRRRRRRRRRRRRRRRRWWWWWWWWWWWWWWWWWWWWWWWWWWWWWWWWWWWWWWWW
MGG................ddddddddddddddddd....MRRRRRRRRRRRRRRRRRRRRR.................RWRRRddddddd............................W
Mddddd..................................MRdddddddddddddddddddddd...............RW......................................W
MGG................dddddddddddddddddd...MRRRRRRRRRRRRRRRRRRRRR.................RWYYdddddddd............................W
MGG................dddddddddddddddddddddMRdddddddddddddddddddddddddddd.........RW......................................W
MYY................dddddddddddddddddddd.MR.....................................RWYYddddddddddd.........................W
MMMMMMMMMMMMMMMMMMMMMMMMMMMMMMMMMMMMMMMMMRRRRRRRRRRRRRRRRRRRRRRRRRRRRRRRRRRRRRRRWWWWWWWWWWWWWWWWWWWWWWWWWWWWWWWWWWWWWWWW
........................................................................................................................
.ddddddddddddddd........................................................................................................
.ddddddddddddddd........................................................................................................
.YYYYYYYYYYYYYYYYYYYYYYYYYYYYYYYYYY.....................................................................................
........................................................................................................................
........................................................................................................................
CCCCCCCCCCCCCCCCCCCCCCCCCCCCCCCCCCCCCCCCCCCCCCCCCCCCCCCCCCCCCCCCCCCCCCCCCCCCCCCCCCCCCCCCCCCCCCCCCCCCCCCCCCCCCCCCCCCCCCCC
dddddddddddddddddddddddddddddddddddddddddddddddddddddddddddddddddddddddddddddddddddddddddddddddddddddddddddddddddddddddd
gggggggggggggggggggggggggggggggggggggggggggggggggggggggggggggggggggggggggggggggggggggggggggggggggggggggggggggggggggggggg
