---
source: tui-agent/tests/mission_control_snapshots.rs
expression: buffer_color_map(&buffer)
---
YYYYYYYYYYYYYYYYYYYYddddddddd..ggggggggggggggggggg......................................................................
dddddddddddddddddddddddddddddddddddddddddddddddddddddddddddddddddddddddddddddddddddddddddddddddddddddddddddddddddddddddd
gggggggggggggggggggggggggggggggggggggggggggggggggggggggggggggggggggggggggggggggggggggggggggggggggggggggggggggggggggggggg
gggggggggggggggggggggggggggggggggggggggggggggggggggggggggggggggggggggYYYYYYYYYYYgggggggggggggggggggggggggggggggggggggggg
gggggggggggggggggggggggggggggggggggggggggggggggggggggggggggggggggggggggggggggggggggggggggggggggggggggggggggggggggggggggg
.GGGGGGGGGGGGGGGGGGG.....................CCCCCCCCCCCCCCC.........................MMMMMMMMMMMMMMMMM......................
........................................................................................................................
........................................................................................................................
........................................................................................................................
........................................................................................................................
YGGGGGGGGGGGGGGGGGGGGGGGYYYYYYYYYYYYYYYYYYYYYYYYYYYYYYYYYYYY.CCCCCCCCCCCCCCCC...........................................
Ydddddddddddddddddd........................................Y.dddddddddddddddddddddddd...................................
Y..........................................................Y............................................................
Y..........................................................Y............................................................
Y..........................................................Y............................................................
Y..........................................................Y............................................................
YYYYYYYYYYYYYYYYYYYYYYYYYYYYYYYYYYYYYYYYYYYYYYYYYYYYYYYYYYYY............................................................
.YYYYYYYYYYYYYYYYYYYYYYYYYYYYYYYYY.................................BBBBBBBBBBBBBBBBBBBBB................................
.ddddddddddddddddddddddddddd.......................................dddddddddddddddddddddddddddddd.......................
........................................................................................................................
........................................................................................................................
........................................................................................................................
........................................................................................................................
........................................................................................................................
.MMMMMMMMMMMMMMMMMM.......................RRRRRRRRRRRRRRRRRRRRRRR................WWWWWWWWWWWWWWWWWWWWWWWWWWW............
.YY..................ddddddddddddddddddd..ddddddddddddddddddddd..................dddddddddddddddd.......................
........................................................................................................................
........................................................................................................................
........................................................................................................................
........................................................................................................................
........................................................................................................................
........................................................................................................................
.ddddddddddddddd........................................................................................................
.ddddddddddddddd........................................................................................................
.YYYYYYYYYYYYYYYYYYYYYYYYYYYYYYYYYYYYYYYYYYYYYYYYYYYYYYYYYY.............................................................
........................................................................................................................
........................................................................................................................
CCCCCCCCCCCCCCCCCCCCCCCCCCCCCCCCCCCCCCCCCCCCCCCCCCCCCCCCCCCCCCCCCCCCCCCCCCCCCCCCCCCCCCCCCCCCCCCCCCCCCCCCCCCCCCCCCCCCCCCC
dddddddddddddddddddddddddddddddddddddddddddddddddddddddddddddddddddddddddddddddddddddddddddddddddddddddddddddddddddddddd
gggggggggggggggggggggggggggggggggggggggggggggggggggggggggggggggggggggggggggggggggggggggggggggggggggggggggggggggggggggggg
