---
source: tui-agent/tests/mission_control_snapshots.rs
expression: buffer_color_map(&buffer)
---
YYYYYYYYYYYYYYYYYYYYYYYYYYYY..ggggggggggggggggggg.......................................................................
dddddddddddddddddddddddddddddddddddddddddddddddddddddddddddddddddddddddddddddddddddddddddddddddddddddddddddddddddddddddd
gggggggggggggggggggggggggggggggggggggggggggggggggggggggggggggggggggggggggggggggggggggggggggggggggggggggggggggggggggggggg
gggggggggggggggggggggggggggggggggggggggggggggggggggggggggggYYYYYYYYYYYgggggggggggggggggggggggggggggggggggggggggggggggggg
gggggggggggggggggggggggggggggggggggggggggggggggggggggggggggggggggggggggggggggggggggggggggggggggggggggggggggggggggggggggg
GGGGGGGGGGGGGGGGGGGGGGGGGGGGGGGGGGGGGGGGCCCCCCCCCCCCCCCCCCCCCCCCCCCCCCCCCCCCCCCCMMMMMMMMMMMMMMMMMMMMMMMMMMMMMMMMMMMMMMMM
GWWWWWWWWWWWWWWWWWWWWWWWWWWWWWWWWWWWWWWGCWWWWWWWWWWWWWWWWWWWWWWWWWWWWWWWWWWWWWWCMWWWWWWWWWWWWWWWWWWWWWWWWWWWWWWWWWWWWWWM
GWWWWWWWWWWWWWWWWWWWWWWWWWWWWWWWWWWWWWWGCWWWWWWWWWWWWWWWWWWWWWWWWWWWWWWWWWWWWWWCMWWWWWWWWWWWWWWWWWWWWWWWWWWWWWWWWWWWWWWM
GWWWWWWWWWWWWWWWWWWWWWWWWWWWWWWWWWWWWWWGCWWWWWWWWWWWWWWWWWWWWWWWWWWWWWWWWWWWWWWCMWWWWWWWWWWWWWWWWWWWWWWWWWWWWWWWWWWWWWWM
GGGGGGGGGGGGGGGGGGGGGGGGGGGGGGGGGGGGGGGGCCCCCCCCCCCCCCCCCCCCCCCCCCCCCCCCCCCCCCCCMMMMMMMMMMMMMMMMMMMMMMMMMMMMMMMMMMMMMMMM
GGGGGGGGGGGGGGGGGGGGGGGGGGGGGGGGGGGGGGGGGGGGGGGGGGGGGGGGGGGGCCCCCCCCCCCCCCCCCCCCCCCCCCCCCCCCCCCCCCCCCCCCCCCCCCCCCCCCCCCC
Gdddddddddddddddddd........................................GCdddddddddddddddddddddddd..................................C
G..........................................................GC..........................................................C
G..........................................................GC..........................................................C
G..........................................................GC..........................................................C
G..........................................................GC..........................................................C
GGGGGGGGGGGGGGGGGGGGGGGGGGGGGGGGGGGGGGGGGGGGGGGGGGGGGGGGGGGGCCCCCCCCCCCCCCCCCCCCCCCCCCCCCCCCCCCCCCCCCCCCCCCCCCCCCCCCCCCC
YYYYYYYYYYYYYYYYYYYYYYYYYYYYYYYYYYYYYYYYYYYYYYYYYYYYYYYYYYYYYYYYYYBBBBBBBBBBBBBBBBBBBBBBBBBBBBBBBBBBBBBBBBBBBBBBBBBBBBBB
Yddddddddddddddddddddddddddd.....................................YBdddddddddddddddddddddddddddddd......................B
Y................................................................YB....................................................B
Y................................................................YB....................................................B
Y................................................................YB....................................................B
Y................................................................YB....................................................B
YYYYYYYYYYYYYYYYYYYYYYYYYYYYYYYYYYYYYYYYYYYYYYYYYYYYYYYYYYYYYYYYYYBBBBBBBBBBBBBBBBBBBBBBBBBBBBBBBBBBBBBBBBBBBBBBBBBBBBBB
MMMMMMMMMMMMMMMMMMMMMMMMMMMMMMMMMMMMMMMMMRRRRRRRRRRRRRRRRRRRRRRRRRRRRRRRRRRRRRRRWWWWWWWWWWWWWWWWWWWWWWWWWWWWWWWWWWWWWWWW
MRR..................dddddddddddddddddddMRddddddddddddddddddddd................RWdddddddddddddddd......................W
MYY..................ddddddddddddddddd..MR.....................................RW......................................W
MYY..................dddddddddddddddddddMR.....................................RW......................................W
MYY..................dddddddddd.........MR.....................................RW......................................W
MYYYYYYYYYYYYYYYYYY.....................MR.....................................RW......................................W
MMMMMMMMMMMMMMMMMMMMMMMMMMMMMMMMMMMMMMMMMRRRRRRRRRRRRRRRRRRRRRRRRRRRRRRRRRRRRRRRWWWWWWWWWWWWWWWWWWWWWWWWWWWWWWWWWWWWWWWW
........................................................................................................................
.ddddddddddddddd........................................................................................................
.ddddddddddddddd........................................................................................................
.YYYYYYYYYYYYYYYYYYYYYYYYYYYYYYYYYYYYYYYYYYYYYYYYYYYYYYYYYY.............................................................
........................................................................................................................
........................................................................................................................
CCCCCCCCCCCCCCCCCCCCCCCCCCCCCCCCCCCCCCCCCCCCCCCCCCCCCCCCCCCCCCCCCCCCCCCCCCCCCCCCCCCCCCCCCCCCCCCCCCCCCCCCCCCCCCCCCCCCCCCC
dddddddddddddddddddddddddddddddddddddddddddddddddddddddddddddddddddddddddddddddddddddddddddddddddddddddddddddddddddddddd
gggggggggggggggggggggggggggggggggggggggggggggggggggggggggggggggggggggggggggggggggggggggggggggggggggggggggggggggggggggggg
