---
source: tui-agent/tests/mission_control_snapshots.rs
assertion_line: 354
expression: buffer_color_map(&buffer)
---
YYYYYYYYYYYYYYYYYYYYYYYYYYYY..ggggggggggggggggggg.......................................................................
dddddddddddddddddddddddddddddddddddddddddddddddddddddddddddddddddddddddddddddddddddddddddddddddddddddddddddddddddddddddd
gggggggggggggggggggggggggggggggggggggggggggggggggggggggggggggggggggggggggggggggggggggggggggggggggggggggggggggggggggggggg
ggggggggggggggggggggggggggggggggggggggggggggggggggggggggggggYYYYYYYYYYYggggggggggggggggggggggggggggggggggggggggggggggggg
gggggggggggggggggggggggggggggggggggggggggggggggggggggggggggggggggggggggggggggggggggggggggggggggggggggggggggggggggggggggg
GGGGGGGGGGGGGGGGGGGGGGGGGGGGGGGGGGGGGGGGCCCCCCCCCCCCCCCCCCCCCCCCCCCCCCCCCCCCCCCCMMMMMMMMMMMMMMMMMMMMMMMMMMMMMMMMMMMMMMMM
GWWWWWWWWWWWWWWWWWWWWWWWWWWWWWWWWWWWWWWGCWWWWWWWWWWWWWWWWWWWWWWWWWWWWWWWWWWWWWWCMWWWWWWWWWWWWWWWWWWWWWWWWWWWWWWWWWWWWWWM
GWWWWWWWWWWWWWWWWWWWWWWWWWWWWWWWWWWWWWWGCWWWWWWWWWWWWWWWWWWWWWWWWWWWWWWWWWWWWWWCMWWWWWWWWWWWWWWWWWWWWWWWWWWWWWWWWWWWWWWM
GWWWWWWWWWWWWWWWWWWWWWWWWWWWWWWWWWWWWWWGCWWWWWWWWWWWWWWWWWWWWWWWWWWWWWWWWWWWWWWCMWWWWWWWWWWWWWWWWWWWWWWWWWWWWWWWWWWWWWWM
GGGGGGGGGGGGGGGGGGGGGGGGGGGGGGGGGGGGGGGGCCCCCCCCCCCCCCCCCCCCCCCCCCCCCCCCCCCCCCCCMMMMMMMMMMMMMMMMMMMMMMMMMMMMMMMMMMMMMMMM
GGGGGGGGGGGGGGGGGGGGGGGGGGGGGGGGGGGGGGGGGGGGGGGGGGGGGGGGGGGGCCCCCCCCCCCCCCCCCCCCCCCCCCCCCCCCCCCCCCCCCCCCCCCCCCCCCCCCCCCC
GYYYYYYYYYYYYYYYYYYYY......................................GCGG........................................................C
G..........................................................GCY.Y.......................................................C
G..........................................................GCY.Y.......................................................C
GYYYYYYYYYYYYYYYYYYYY......................................GCRR........................................................C
G..........................................................GCdd........................................................C
GGGGGGGGGGGGGGGGGGGGGGGGGGGGGGGGGGGGGGGGGGGGGGGGGGGGGGGGGGGGCCCCCCCCCCCCCCCCCCCCCCCCCCCCCCCCCCCCCCCCCCCCCCCCCCCCCCCCCCCC
YYYYYYYYYYYYYYYYYYYYYYYYYYYYYYYYYYYYYYYYYYYYYYYYYYYYYYYYYYYYYYYYYYBBBBBBBBBBBBBBBBBBBBBBBBBBBBBBBBBBBBBBBBBBBBBBBBBBBBBB
Yddddddddddddddddddddddddddddddddddddddddddddd...................YBddddddddddddddddddddddddddddddddd...................B
Y................................................................YB....................................................B
Y................................................................YB....................................................B
Y................................................................YB....................................................B
Y................................................................YB....................................................B
YYYYYYYYYYYYYYYYYYYYYYYYYYYYYYYYYYYYYYYYYYYYYYYYYYYYYYYYYYYYYYYYYYBBBBBBBBBBBBBBBBBBBBBBBBBBBBBBBBBBBBBBBBBBBBBBBBBBBBBB
MMMMMMMMMMMMMMMMMMMMMMMMMMMMMMMMMMMMMMMMMRRRRRRRRRRRRRRRRRRRRRRRRRRRRRRRRRRRRRRRWWWWWWWWWWWWWWWWWWWWWWWWWWWWWWWWWWWWWWWW
MGG................ddddddddddddddddd....MRRRRRRRRRRRRRRRRRRRRR.................RWRRRddddddd............................W
Mddddd..................................MRdddddddddddddddddddddd...............RWYYdddddddd............................W
MGG................dddddddddddddddddd...MRRRRRRRRRRRRRRRRRRRRR.................RWYYddddddddddd.........................W
MGG................dddddddddddddddddddddMRdddddddddddddddddddddddddddd.........RWCCddddddddd...........................W
MYY................dddddddddddddddddddd.MR.....................................RW......................................W
MMMMMMMMMMMMMMMMMMMMMMMMMMMMMMMMMMMMMMMMMRRRRRRRRRRRRRRRRRRRRRRRRRRRRRRRRRRRRRRRWWWWWWWWWWWWWWWWWWWWWWWWWWWWWWWWWWWWWWWW
........................................................................................................................
.ddddddddddddddd........................................................................................................
.ddddddddddddddd........................................................................................................
.YYYYYYYYYYYYYYYYYYYYYYYYYYYYYYYYYY.....................................................................................
........................................................................................................................
........................................................................................................................
CCCCCCCCCCCCCCCCCCCCCCCCCCCCCCCCCCCCCCCCCCCCCCCCCCCCCCCCCCCCCCCCCCCCCCCCCCCCCCCCCCCCCCCCCCCCCCCCCCCCCCCCCCCCCCCCCCCCCCCC
dddddddddddddddddddddddddddddddddddddddddddddddddddddddddddddddddddddddddddddddddddddddddddddddddddddddddddddddddddddddd
gggggggggggggggggggggggggggggggggggggggggggggggggggggggggggggggggggggggggggggggggggggggggggggggggggggggggggggggggggggggg
