---
source: tui-agent/tests/mission_control_snapshots.rs
expression: buffer_color_map(&buffer)
---
YYYYYYYYYYYYYYYYYYYYYYYYYYYY..ggggggggggggggggggg.......................................................................
dddddddddddddddddddddddddddddddddddddddddddddddddddddddddddddddddddddddddddddddddddddddddddddddddddddddddddddddddddddddd
gggggggggggggggggggggggggggggggggggggggggggggggggggggggggggggggggggggggggggggggggggggggggggggggggggggggggggggggggggggggg
gggggggggggggggggggggggggggggggggggggggggggggggggggggggggggYYYYYYYYYYYgggggggggggggggggggggggggggggggggggggggggggggggggg
gggggggggggggggggggggggggggggggggggggggggggggggggggggggggggggggggggggggggggggggggggggggggggggggggggggggggggggggggggggggg
GGGGGGGGGGGGGGGGGGGGGGGGGGGGGGGGGGGGGGGGCCCCCCCCCCCCCCCCCCCCCCCCCCCCCCCCCCCCCCCCMMMMMMMMMMMMMMMMMMMMMMMMMMMMMMMMMMMMMMMM
GWWWWWWWWWWWWWWWWWWWWWWWWWWWWWWWWWWWWWWGCWWWWWWWWWWWWWWWWWWWWWWWWWWWWWWWWWWWWWWCMWWWWWWWWWWWWWWWWWWWWWWWWWWWWWWWWWWWWWWM
GWWWWWWWWWWWWWWWWWWWWWWWWWWWWWWWWWWWWWWGCWWWWWWWWWWWWWWWWWWWWWWWWWWWWWWWWWWWWWWCMWWWWWWWWWWWWWWWWWWWWWWWWWWWWWWWWWWWWWWM
GWWWWWWWWWWWWWWWWWWWWWWWWWWWWWWWWWWWWWWGCWWWWWWWWWWWWWWWWWWWWWWWWWWWWWWWWWWWWWWCMWWWWWWWWWWWWWWWWWWWWWWWWWWWWWWWWWWWWWWM
GGGGGGGGGGGGGGGGGGGGGGGGGGGGGGGGGGGGGGGGCCCCCCCCCCCCCCCCCCCCCCCCCCCCCCCCCCCCCCCCMMMMMMMMMMMMMMMMMMMMMMMMMMMMMMMMMMMMMMMM
GGGGGGGGGGGGGGGGGGGGGGGGGGGGGGGGGGGGGGGGGGGGGGGGGGGGGGGGGGGGCCCCCCCCCCCCCCCCCCCCCCCCCCCCCCCCCCCCCCCCCCCCCCCCCCCCCCCCCCCC
GYYYYYYYYYYYYYYYYYYYY......................................GCGG........................................................C
G..........................................................GCY.Y.......................................................C
G..........................................................GCY.Y.......................................................C
GYYYYYYYYYYYYYYYYYYYY......................................GCRR........................................................C
G..........................................................GCdd........................................................C
GGGGGGGGGGGGGGGGGGGGGGGGGGGGGGGGGGGGGGGGGGGGGGGGGGGGGGGGGGGGCCCCCCCCCCCCCCCCCCCCCCCCCCCCCCCCCCCCCCCCCCCCCCCCCCCCCCCCCCCC
YYYYYYYYYYYYYYYYYYYYYYYYYYYYYYYYYYYYYYYYYYYYYYYYYYYYYYYYYYYYYYYYYYBBBBBBBBBBBBBBBBBBBBBBBBBBBBBBBBBBBBBBBBBBBBBBBBBBBBBB
Yddddddddddddddddddddddddddddddddddddddddddddd...................YBddddddddddddddddddddddddddddddddd...................B
Y................................................................YB....................................................B
Y................................................................YB....................................................B
Y................................................................YB....................................................B
Y................................................................YB....................................................B
YYYYYYYYYYYYYYYYYYYYYYYYYYYYYYYYYYYYYYYYYYYYYYYYYYYYYYYYYYYYYYYYYYBBBBBBBBBBBBBBBBBBBBBBBBBBBBBBBBBBBBBBBBBBBBBBBBBBBBBB
MMMMMMMMMMMMMMMMMMMMMMMMMMMMMMMMMMMMMMMMMRRRRRRRRRRRRRRRRRRRRRRRRRRRRRRRRRRRRRRRWWWWWWWWWWWWWWWWWWWWWWWWWWWWWWWWWWWWWWWW
MYY..................dddddddddddddddddddMRRRRRRRRRRRRRRRRRRRRR.................RWRRRddddddd............................W
Mgg..................dddddddddddddddddddMRdddddddddddddddddddddd...............RWYYdddddddd............................W
MGG..................dddddddddddddddddddMRRRRRRRRRRRRRRRRRRRRR.................RWYYddddddddddd.........................W
MGG..................dddddddddddddddddd.MRdddddddddddddddddddddddddddd.........RWCCddddddddd...........................W
MGG..................dddddddddddddddddddMR.....................................RW......................................W
MMMMMMMMMMMMMMMMMMMMMMMMMMMMMMMMMMMMMMMMMRRRRRRRRRRRRRRRRRRRRRRRRRRRRRRRRRRRRRRRWWWWWWWWWWWWWWWWWWWWWWWWWWWWWWWWWWWWWWWW
........................................................................................................................
.ddddddddddddddd........................................................................................................
.ddddddddddddddd........................................................................................................
.YYYYYYYYYYYYYYYYYYYYYYYYYYYYYYYYYY.....................................................................................
........................................................................................................................
........................................................................................................................
CCCCCCCCCCCCCCCCCCCCCCCCCCCCCCCCCCCCCCCCCCCCCCCCCCCCCCCCCCCCCCCCCCCCCCCCCCCCCCCCCCCCCCCCCCCCCCCCCCCCCCCCCCCCCCCCCCCCCCCC
dddddddddddddddddddddddddddddddddddddddddddddddddddddddddddddddddddddddddddddddddddddddddddddddddddddddddddddddddddddddd
gggggggggggggggggggggggggggggggggggggggggggggggggggggggggggggggggggggggggggggggggggggggggggggggggggggggggggggggggggggggg
